[orientequipment.co.in/img/favicon.png]
[cdnjs.cloudflare.com/ajax/libs/animate.css/4.1.1/animate.min.css]
[backblue.gif]
[fade.gif]
[index.html]
[cdnjs.cloudflare.com/ajax/libs/typed.js/2.0.11/typed.min.js]
[orientequipment.co.in/img/logo.gif]
[orientequipment.co.in/companybrochure.pdf]
[orientequipment.co.in/img/5s.jpg]
[orientequipment.co.in/img/i1.jpg]
[orientequipment.co.in/img/i2.jpg]
[orientequipment.co.in/img/i3.jpg]
[orientequipment.co.in/img/4.webp]
[orientequipment.co.in/img/abs.png]
[orientequipment.co.in/images/background/footer-bg.png]
[orientequipment.co.in/images/background/bg-7.jpg]
[orientequipment.co.in/images/background/bg-map2.png]
[orientequipment.co.in/images/self-pic.png]
[orientequipment.co.in/img/man.png]
[orientequipment.co.in/js/jquery-2.2.0.min.js]
[orientequipment.co.in/js/popper.min.js]
[orientequipment.co.in/js/bootstrap.min.js]
[orientequipment.co.in/js/bootstrap-select.min.js]
[orientequipment.co.in/js/magnific-popup.min.js]
[orientequipment.co.in/js/waypoints.min.js]
[orientequipment.co.in/js/counterup.min.js]
[orientequipment.co.in/js/waypoints-sticky.min.js]
[orientequipment.co.in/js/isotope.pkgd.min.js]
[orientequipment.co.in/js/owl.carousel.min.js]
[orientequipment.co.in/js/stellar.min.js]
[orientequipment.co.in/js/theia-sticky-sidebar.js]
[orientequipment.co.in/js/jquery.bootstrap-touchspin.js]
[orientequipment.co.in/js/custom.js]
[orientequipment.co.in/js/lc_lightbox.lite.js]
[orientequipment.co.in/js/switcher.js]
[orientequipment.co.in/plugins/revolution/revolution/js/jquery.themepunch.tools.min.js]
[orientequipment.co.in/plugins/revolution/revolution/js/jquery.themepunch.revolution.min.js]
[orientequipment.co.in/plugins/revolution/revolution/js/extensions/revolution-plugin.js]
[orientequipment.co.in/js/rev-script-1.js]
[orientequipment.co.in/index.html]
[orientequipment.co.in/css/bootstrap.min.css]
[orientequipment.co.in/css/fontawesome/fonts/fontawesome-webfont﹖v=4.7.0.eot]
[orientequipment.co.in/css/fontawesome/fonts/fontawesome-webfont﹖.eot]
[orientequipment.co.in/css/fontawesome/fonts/fontawesome-webfont﹖v=4.7.0.woff2]
[orientequipment.co.in/css/fontawesome/fonts/fontawesome-webfont﹖v=4.7.0.woff]
[orientequipment.co.in/css/fontawesome/fonts/fontawesome-webfont﹖v=4.7.0.ttf]
[orientequipment.co.in/css/fontawesome/css/font-awesome.min.css]
[ziweiai.com.cn/industro/css/owl.video.play.41.delayed]
[orientequipment.co.in/css/owl.carousel.min.css]
[orientequipment.co.in/css/bootstrap-select.min.css]
[orientequipment.co.in/css/magnific-popup.min.css]
[orientequipment.co.in/css/loader.min.css]
[orientequipment.co.in/css/style.css]
[orientequipment.co.in/fonts/Flaticon.eot]
[orientequipment.co.in/fonts/Flaticon﹖.eot]
[orientequipment.co.in/fonts/Flaticon.woff]
[orientequipment.co.in/fonts/Flaticon.ttf]
[orientequipment.co.in/css/flaticon.min.css]
[orientequipment.co.in/fonts/lc_lightbox.eot]
[orientequipment.co.in/fonts/lc_lightbox.woff]
[orientequipment.co.in/fonts/lc_lightbox.ttf]
[ziweiai.com.cn/industro/img/patterns/oblique_dots.png]
[ziweiai.com.cn/industro/img/patterns/pattern-1.png]
[ziweiai.com.cn/industro/img/patterns/pattern-dot-1.png]
[ziweiai.com.cn/industro/img/patterns/pattern-dot-2.png]
[ziweiai.com.cn/industro/img/patterns/pattern-dot-b1.png]
[ziweiai.com.cn/industro/img/patterns/pattern-dot-b2.png]
[ziweiai.com.cn/industro/img/patterns/pattern-dot-b3.png]
[ziweiai.com.cn/industro/img/patterns/pattern-dot-b4.png]
[ziweiai.com.cn/industro/img/patterns/pattern-triangle-05.png]
[ziweiai.com.cn/industro/img/patterns/pattern-triangle-10.png]
[ziweiai.com.cn/industro/img/patterns/pattern-triangle-20.png]
[ziweiai.com.cn/industro/img/patterns/pattern-triangle-30.png]
[ziweiai.com.cn/industro/img/patterns/pattern-triangle-40.png]
[ziweiai.com.cn/industro/img/patterns/pattern-ver-line-10.png]
[ziweiai.com.cn/industro/img/patterns/pattern-ver-line-20.png]
[ziweiai.com.cn/industro/img/patterns/pattern-ver-line-30.png]
[ziweiai.com.cn/industro/img/patterns/pattern-ver-line-40.png]
[ziweiai.com.cn/industro/img/patterns/pattern-ver-line-50.png]
[orientequipment.co.in/css/lc_lightbox.css]
[orientequipment.co.in/css/skin/skin-1.css]
[orientequipment.co.in/css/switcher.css]
[cdnjs.cloudflare.com/ajax/libs/animate.css/4.1.1/animate.min.css]
[orientequipment.co.in/plugins/revolution/revolution/fonts/revicons/revicons﹖5510888.eot]
[orientequipment.co.in/plugins/revolution/revolution/fonts/revicons/revicons﹖5510888.woff]
[orientequipment.co.in/plugins/revolution/revolution/fonts/revicons/revicons﹖5510888.ttf]
[orientequipment.co.in/plugins/revolution/revolution/assets/gridtile.png]
[orientequipment.co.in/plugins/revolution/revolution/assets/gridtile_white.png]
[orientequipment.co.in/plugins/revolution/revolution/assets/gridtile_3x3.png]
[orientequipment.co.in/plugins/revolution/revolution/assets/gridtile_3x3_white.png]
[orientequipment.co.in/plugins/revolution/revolution/assets/coloredbg.png]
[orientequipment.co.in/plugins/revolution/revolution/assets/loader.gif]
[orientequipment.co.in/plugins/revolution/revolution/css/settings.css]
[orientequipment.co.in/plugins/revolution/revolution/css/navigation.css]
[orientequipment.co.in/images/banner/3.jpg]
[orientequipment.co.in/img/sStrength.jpg]
[orientequipment.co.in/img/11.webp]
[orientequipment.co.in/img/9.webp]
[orientequipment.co.in/img/cert.png]
[orientequipment.co.in/img/iso.png]
[orientequipment.co.in/about-us.html]
[orientequipment.co.in/img/sa-bread.jpg]
[orientequipment.co.in/img/s1-1.jpg]
[orientequipment.co.in/img/s1-2.jpg]
[orientequipment.co.in/img/ss2.jpg]
[orientequipment.co.in/img/s2-1.jpg]
[orientequipment.co.in/img/s2-2.jpg]
[orientequipment.co.in/img/ss3.jpg]
[orientequipment.co.in/img/s3-1.jpg]
[orientequipment.co.in/img/s3-2.jpg]
[orientequipment.co.in/img/ss4.jpg]
[orientequipment.co.in/img/ss4-1.jpg]
[orientequipment.co.in/img/ss4-2.jpg]
[orientequipment.co.in/img/ss5.jpg]
[orientequipment.co.in/img/ss5-1.jpg]
[orientequipment.co.in/img/ss5-2.jpg]
[orientequipment.co.in/img/ss6.jpg]
[orientequipment.co.in/img/ss6-1.jpg]
[orientequipment.co.in/img/ss6-2.jpg]
[orientequipment.co.in/img/ss7.jpg]
[orientequipment.co.in/img/ss7-2.jpg]
[orientequipment.co.in/img/ss8.jpg]
[orientequipment.co.in/img/ss8-1.jpg]
[orientequipment.co.in/img/ss8-2.jpg]
[orientequipment.co.in/img/ss9.jpg]
[orientequipment.co.in/img/s9.jpg]
[orientequipment.co.in/img/ss10.jpg]
[orientequipment.co.in/img/ss10-1.jpg]
[orientequipment.co.in/img/ss10-2.jpg]
[orientequipment.co.in/img/ss11.jpg]
[orientequipment.co.in/img/ss11-1.jpg]
[orientequipment.co.in/img/ss11-2.jpg]
[orientequipment.co.in/img/ss12.jpg]
[orientequipment.co.in/img/ss12-1.jpg]
[orientequipment.co.in/img/ss12-2.jpg]
[orientequipment.co.in/sales.html]
[orientequipment.co.in/img/ser-bread.jpg]
[orientequipment.co.in/img/5.webp]
[orientequipment.co.in/img/s1.jpg]
[orientequipment.co.in/img/s2.jpg]
[orientequipment.co.in/img/s3.jpg]
[orientequipment.co.in/img/s4.jpg]
[orientequipment.co.in/img/s5.jpg]
[orientequipment.co.in/img/s6.jpg]
[orientequipment.co.in/img/s7.jpg]
[orientequipment.co.in/img/s8.jpg]
[orientequipment.co.in/img/s10.jpg]
[orientequipment.co.in/img/s11.jpg]
[orientequipment.co.in/img/s12.jpg]
[orientequipment.co.in/img/s13.jpg]
[orientequipment.co.in/img/s14.jpg]
[orientequipment.co.in/img/s15.jpg]
[orientequipment.co.in/img/s16.jpg]
[orientequipment.co.in/img/s17.jpg]
[orientequipment.co.in/img/s18.jpg]
[orientequipment.co.in/services.html]
[orientequipment.co.in/img/cali.jpg]
[orientequipment.co.in/img/c1.jpg]
[orientequipment.co.in/img/c2.jpg]
[orientequipment.co.in/img/c3.jpg]
[orientequipment.co.in/img/c4.jpg]
[orientequipment.co.in/img/c5.jpg]
[orientequipment.co.in/img/c6.jpg]
[orientequipment.co.in/img/c7.jpg]
[orientequipment.co.in/img/c8.jpg]
[orientequipment.co.in/img/c9.jpg]
[orientequipment.co.in/img/c10.jpg]
[orientequipment.co.in/calibrate.html]
[orientequipment.co.in/images/banner/2.jpg]
[orientequipment.co.in/img/ser.png]
[orientequipment.co.in/manufacture.html]
[orientequipment.co.in/img/c6.png]
[orientequipment.co.in/img/c5.png]
[orientequipment.co.in/img/c4.png]
[orientequipment.co.in/img/c3.png]
[orientequipment.co.in/img/c2.png]
[orientequipment.co.in/img/c1.png]
[orientequipment.co.in/img/c7.png]
[orientequipment.co.in/img/clients/c1.jpg]
[orientequipment.co.in/img/clients/c2.jpg]
[orientequipment.co.in/img/clients/c3.jpg]
[orientequipment.co.in/img/clients/c4.jpg]
[orientequipment.co.in/img/clients/c5.jpg]
[orientequipment.co.in/img/clients/c6.jpg]
[orientequipment.co.in/img/clients/c7.jpg]
[orientequipment.co.in/img/clients/c8.jpg]
[orientequipment.co.in/img/clients/c9.jpg]
[orientequipment.co.in/img/clients/c10.jpg]
[orientequipment.co.in/img/clients/c11.jpg]
[orientequipment.co.in/dealers.html]
[orientequipment.co.in/contact-us.html]
[orientequipment.co.in/img/logo1.html]
[orientequipment.co.in/testing.html]
[orientequipment.co.in/css/fontawesome/fonts/fontawesome-webfont﹖v=4.7.0.svg]
[ziweiai.com.cn/industro/css/owl.video.play.html]
[orientequipment.co.in/fonts/Flaticon.svg]
[orientequipment.co.in/fonts/lc_lightbox.svg]
[ziweiai.com.cn/industro/img/patterns/oblique_dots.html]
[ziweiai.com.cn/industro/img/patterns/pattern-1.html]
[ziweiai.com.cn/industro/img/patterns/pattern-dot-1.html]
[ziweiai.com.cn/industro/img/patterns/pattern-dot-2.html]
[ziweiai.com.cn/industro/img/patterns/pattern-dot-b1.html]
[ziweiai.com.cn/industro/img/patterns/pattern-dot-b2.html]
[ziweiai.com.cn/industro/img/patterns/pattern-dot-b3.html]
[ziweiai.com.cn/industro/img/patterns/pattern-dot-b4.html]
[ziweiai.com.cn/industro/img/patterns/pattern-triangle-05.html]
[ziweiai.com.cn/industro/img/patterns/pattern-triangle-10.html]
[ziweiai.com.cn/industro/img/patterns/pattern-triangle-20.html]
[ziweiai.com.cn/industro/img/patterns/pattern-triangle-30.html]
[ziweiai.com.cn/industro/img/patterns/pattern-triangle-40.html]
[ziweiai.com.cn/industro/img/patterns/pattern-ver-line-10.html]
[ziweiai.com.cn/industro/img/patterns/pattern-ver-line-20.html]
[ziweiai.com.cn/industro/img/patterns/pattern-ver-line-30.html]
[ziweiai.com.cn/industro/img/patterns/pattern-ver-line-40.html]
[ziweiai.com.cn/industro/img/patterns/pattern-ver-line-50.html]
[orientequipment.co.in/plugins/revolution/revolution/fonts/revicons/revicons﹖5510888.svg]
[orientequipment.co.in/plugins/revolution/revolution/css/openhand.html]
[orientequipment.co.in/plugins/revolution/revolution/css/closedhand.html]
[orientequipment.co.in/img/ss1.html]
[orientequipment.co.in/img/power.html]
[cdnjs.cloudflare.com/ajax/libs/normalize/5.0.0/normalize.min.css]
[orientequipment.co.in/img/de/1.jpg]
[orientequipment.co.in/img/de/2.jpg]
[orientequipment.co.in/img/de/3.jpg]
[orientequipment.co.in/img/de/4.jpg]
[orientequipment.co.in/img/de/5.jpg]
[orientequipment.co.in/img/de/6.jpg]
[orientequipment.co.in/dewalt.html]
[cdnjs.cloudflare.com/ajax/libs/jquery/3.5.1/jquery.min.js]
[orientequipment.co.in/img/bosch/1.jpg]
[orientequipment.co.in/img/bosch/2.jpg]
[orientequipment.co.in/img/bosch/3.jpg]
[orientequipment.co.in/img/bosch/4.jpg]
[orientequipment.co.in/img/bosch/5.jpg]
[orientequipment.co.in/img/bosch/6.jpg]
[orientequipment.co.in/img/bosch/7.jpg]
[orientequipment.co.in/bosch.html]
[orientequipment.co.in/img/meta/1.jpg]
[orientequipment.co.in/img/meta/2.jpg]
[orientequipment.co.in/img/meta/3.jpg]
[orientequipment.co.in/img/meta/4.jpg]
[orientequipment.co.in/img/meta/5.jpg]
[orientequipment.co.in/img/meta/6.jpg]
[orientequipment.co.in/img/meta/7.jpg]
[orientequipment.co.in/img/meta/8.jpg]
[orientequipment.co.in/img/meta/9.jpg]
[orientequipment.co.in/metabo.html]
[orientequipment.co.in/img/met/1.jpg]
[orientequipment.co.in/img/met/2.jpg]
[orientequipment.co.in/img/met/3.jpg]
[orientequipment.co.in/img/met/4.jpg]
[orientequipment.co.in/img/met/5.jpg]
[orientequipment.co.in/kaymo.html]
[orientequipment.co.in/img/cp/1.jpg]
[orientequipment.co.in/img/cp/2.jpg]
[orientequipment.co.in/img/cp/3.jpg]
[orientequipment.co.in/img/cp/4.jpg]
[orientequipment.co.in/img/cp/5.jpg]
[orientequipment.co.in/chicaho.html]
[orientequipment.co.in/img/fin/1.jpg]
[orientequipment.co.in/img/fin/2.jpg]
[orientequipment.co.in/img/fin/3.jpg]
[orientequipment.co.in/img/fin/4.jpg]
[orientequipment.co.in/img/fin/5.jpg]
[orientequipment.co.in/img/fin/6.jpg]
[orientequipment.co.in/fein.html]
[orientequipment.co.in/img/kra/1.jpg]
[orientequipment.co.in/img/kra/2.jpg]
[orientequipment.co.in/img/kra/3.jpg]
[orientequipment.co.in/img/kra/4.jpg]
[orientequipment.co.in/img/kra/5.jpg]
[orientequipment.co.in/karcher.html]
[orientequipment.co.in/img/BLACKHAWK/1.jpg]
[orientequipment.co.in/img/BLACKHAWK/2.jpg]
[orientequipment.co.in/img/BLACKHAWK/3.jpg]
[orientequipment.co.in/img/BLACKHAWK/4.jpg]
[orientequipment.co.in/img/BLACKHAWK/5.jpg]
[orientequipment.co.in/black-hawk.html]
[orientequipment.co.in/img/c8.html]
[cdnjs.cloudflare.com/ajax/libs/normalize/5.0.0/normalize.min.css]
